AA A A
AAND AND
ABC A B C
ABCD A B C D
ABSENTMINDED ABSENT MINDED
ACKNOWLEDGMENTS ACKNOWLEDGEMENTS
AINT AIN'T
ALIRGHT ALRIGHT
ALRIGHTY ALRIGHT
ANDI AND I
ANF AND
ARN\'T AREN'T
ATEMPT ATTEMPT
BACK\'S BACKS
BADMOUTH BAD MOUTH
BALLGAMES BALL GAMES
BANDANNA BANDANA
BATHROOM\'S BATHROOMS
BE\'S BE
BECASUE BECAUSE
BEELINE B LINE
BEF BE
BELEIVE BELIEVE
BETTTER BETTER
BIRTHDAY\'S BIRTHDAYS
BLA BLAH
BLAHBLAHBLAH BLAH BLAH BLAH
BRAINSTEM BRAIN STEM
CAF CAR
CANNONBALLS CANNON BALLS
CANT\'S CAN'T
HM HMMM
HMM HMMM
XYZ X Y Z
CD\'S CDS
WHOO WOO
YOUR\'E YOU'RE
\'BAD BAD
\'DIDN\'T DIDN'T
\'DISSING\' DISSING
\'ENJOY ENJOY
\'GOODBYE GOODBYE
\'GOODBYE\' GOODBYE
\'HELLO HELLO
\'JOIE JOY
\'I I
\'I\'M I\'M
\'MATERIALISTIC\' MATERIALISTIC
\'MY MY
\'NEVER NEVER
\'O O
\'OH O
\'OKAY OKAY
\'PRECIOUS\' PRECIOUS
\'PRINCESS\' PRINCESS
\'RE RE
\'REAL REAL
\'SHOULD SHOULD
\'THANK THANK
\'THESE THESE
\'TICK\' TICK
\'WANTING WANTING
\'WE'RE WE'RE
\'WELL WELL
\'WHAT\'S WHAT'S
\'WHEN WHEN
\'YES YES
\'YOU YOU
\'S S
SOCCCER SOCCER
